Traceback (most recent call last):
  File "/opt/conda/lib/python3.10/site-packages/jupyter_cache/executors/utils.py", line 58, in single_nb_execution
    executenb(
  File "/opt/conda/lib/python3.10/site-packages/nbclient/client.py", line 1305, in execute
    return NotebookClient(nb=nb, resources=resources, km=km, **kwargs).execute()
  File "/opt/conda/lib/python3.10/site-packages/jupyter_core/utils/__init__.py", line 166, in wrapped
    return loop.run_until_complete(inner)
  File "/opt/conda/lib/python3.10/asyncio/base_events.py", line 649, in run_until_complete
    return future.result()
  File "/opt/conda/lib/python3.10/site-packages/nbclient/client.py", line 705, in async_execute
    await self.async_execute_cell(
  File "/opt/conda/lib/python3.10/site-packages/nbclient/client.py", line 1058, in async_execute_cell
    await self._check_raise_for_error(cell, cell_index, exec_reply)
  File "/opt/conda/lib/python3.10/site-packages/nbclient/client.py", line 914, in _check_raise_for_error
    raise CellExecutionError.from_cell_and_msg(cell, exec_reply_content)
nbclient.exceptions.CellExecutionError: An error occurred while executing the following cell:
------------------
# subject.json contains info about the mouse, procedures.json contains info about surgeries and such that were performed
subject_json = os.path.join(session_directory, 'subject.json')
procedures_json = os.path.join(session_directory, 'procedures.json')

# load both json files
with open(subject_json, 'r', ) as f:
    subject = json.load(f)
with open(procedures_json, 'r', ) as f:
    procedures = json.load(f)

print(subject['genotype'])

virus_names = []
try:
    for material in procedures['injections'][0]['injection_materials']:
        virus_names.append(material['name'])
except(KeyError):
    for material in procedures['subject_procedures'][2]['injection_materials']: # the procedures scraped from NSB are formatted differently
        virus_names.append(material['name'])

print(virus_names)
------------------


[0;31m---------------------------------------------------------------------------[0m
[0;31mNameError[0m                                 Traceback (most recent call last)
Cell [0;32mIn[5], line 2[0m
[1;32m      1[0m [38;5;66;03m# subject.json contains info about the mouse, procedures.json contains info about surgeries and such that were performed[39;00m
[0;32m----> 2[0m subject_json [38;5;241m=[39m os[38;5;241m.[39mpath[38;5;241m.[39mjoin([43msession_directory[49m, [38;5;124m'[39m[38;5;124msubject.json[39m[38;5;124m'[39m)
[1;32m      3[0m procedures_json [38;5;241m=[39m os[38;5;241m.[39mpath[38;5;241m.[39mjoin(session_directory, [38;5;124m'[39m[38;5;124mprocedures.json[39m[38;5;124m'[39m)
[1;32m      5[0m [38;5;66;03m# load both json files[39;00m

[0;31mNameError[0m: name 'session_directory' is not defined

