Traceback (most recent call last):
  File "/opt/conda/lib/python3.10/site-packages/jupyter_cache/executors/utils.py", line 58, in single_nb_execution
    executenb(
  File "/opt/conda/lib/python3.10/site-packages/nbclient/client.py", line 1305, in execute
    return NotebookClient(nb=nb, resources=resources, km=km, **kwargs).execute()
  File "/opt/conda/lib/python3.10/site-packages/jupyter_core/utils/__init__.py", line 166, in wrapped
    return loop.run_until_complete(inner)
  File "/opt/conda/lib/python3.10/asyncio/base_events.py", line 649, in run_until_complete
    return future.result()
  File "/opt/conda/lib/python3.10/site-packages/nbclient/client.py", line 705, in async_execute
    await self.async_execute_cell(
  File "/opt/conda/lib/python3.10/site-packages/nbclient/client.py", line 1058, in async_execute_cell
    await self._check_raise_for_error(cell, cell_index, exec_reply)
  File "/opt/conda/lib/python3.10/site-packages/nbclient/client.py", line 914, in _check_raise_for_error
    raise CellExecutionError.from_cell_and_msg(cell, exec_reply_content)
nbclient.exceptions.CellExecutionError: An error occurred while executing the following cell:
------------------
# e.g. for plane-0
max_projection = nwbfile.processing['plane-0'].data_interfaces['images'].images['max_projection_denoised_plane-0']
plt.imshow(max_projection, cmap='Grays_r')
------------------


[0;31m---------------------------------------------------------------------------[0m
[0;31mValueError[0m                                Traceback (most recent call last)
Cell [0;32mIn[4], line 3[0m
[1;32m      1[0m [38;5;66;03m# e.g. for plane-0[39;00m
[1;32m      2[0m max_projection [38;5;241m=[39m nwbfile[38;5;241m.[39mprocessing[[38;5;124m'[39m[38;5;124mplane-0[39m[38;5;124m'[39m][38;5;241m.[39mdata_interfaces[[38;5;124m'[39m[38;5;124mimages[39m[38;5;124m'[39m][38;5;241m.[39mimages[[38;5;124m'[39m[38;5;124mmax_projection_denoised_plane-0[39m[38;5;124m'[39m]
[0;32m----> 3[0m [43mplt[49m[38;5;241;43m.[39;49m[43mimshow[49m[43m([49m[43mmax_projection[49m[43m,[49m[43m [49m[43mcmap[49m[38;5;241;43m=[39;49m[38;5;124;43m'[39;49m[38;5;124;43mGrays_r[39;49m[38;5;124;43m'[39;49m[43m)[49m

File [0;32m/opt/envs/ctlut/lib/python3.10/site-packages/matplotlib/pyplot.py:3562[0m, in [0;36mimshow[0;34m(X, cmap, norm, aspect, interpolation, alpha, vmin, vmax, origin, extent, interpolation_stage, filternorm, filterrad, resample, url, data, **kwargs)[0m
[1;32m   3541[0m [38;5;129m@_copy_docstring_and_deprecators[39m(Axes[38;5;241m.[39mimshow)
[1;32m   3542[0m [38;5;28;01mdef[39;00m [38;5;21mimshow[39m(
[1;32m   3543[0m     X: ArrayLike [38;5;241m|[39m PIL[38;5;241m.[39mImage[38;5;241m.[39mImage,
[0;32m   (...)[0m
[1;32m   3560[0m     [38;5;241m*[39m[38;5;241m*[39mkwargs,
[1;32m   3561[0m ) [38;5;241m-[39m[38;5;241m>[39m AxesImage:
[0;32m-> 3562[0m     __ret [38;5;241m=[39m [43mgca[49m[43m([49m[43m)[49m[38;5;241;43m.[39;49m[43mimshow[49m[43m([49m
[1;32m   3563[0m [43m        [49m[43mX[49m[43m,[49m
[1;32m   3564[0m [43m        [49m[43mcmap[49m[38;5;241;43m=[39;49m[43mcmap[49m[43m,[49m
[1;32m   3565[0m [43m        [49m[43mnorm[49m[38;5;241;43m=[39;49m[43mnorm[49m[43m,[49m
[1;32m   3566[0m [43m        [49m[43maspect[49m[38;5;241;43m=[39;49m[43maspect[49m[43m,[49m
[1;32m   3567[0m [43m        [49m[43minterpolation[49m[38;5;241;43m=[39;49m[43minterpolation[49m[43m,[49m
[1;32m   3568[0m [43m        [49m[43malpha[49m[38;5;241;43m=[39;49m[43malpha[49m[43m,[49m
[1;32m   3569[0m [43m        [49m[43mvmin[49m[38;5;241;43m=[39;49m[43mvmin[49m[43m,[49m
[1;32m   3570[0m [43m        [49m[43mvmax[49m[38;5;241;43m=[39;49m[43mvmax[49m[43m,[49m
[1;32m   3571[0m [43m        [49m[43morigin[49m[38;5;241;43m=[39;49m[43morigin[49m[43m,[49m
[1;32m   3572[0m [43m        [49m[43mextent[49m[38;5;241;43m=[39;49m[43mextent[49m[43m,[49m
[1;32m   3573[0m [43m        [49m[43minterpolation_stage[49m[38;5;241;43m=[39;49m[43minterpolation_stage[49m[43m,[49m
[1;32m   3574[0m [43m        [49m[43mfilternorm[49m[38;5;241;43m=[39;49m[43mfilternorm[49m[43m,[49m
[1;32m   3575[0m [43m        [49m[43mfilterrad[49m[38;5;241;43m=[39;49m[43mfilterrad[49m[43m,[49m
[1;32m   3576[0m [43m        [49m[43mresample[49m[38;5;241;43m=[39;49m[43mresample[49m[43m,[49m
[1;32m   3577[0m [43m        [49m[43murl[49m[38;5;241;43m=[39;49m[43murl[49m[43m,[49m
[1;32m   3578[0m [43m        [49m[38;5;241;43m*[39;49m[38;5;241;43m*[39;49m[43m([49m[43m{[49m[38;5;124;43m"[39;49m[38;5;124;43mdata[39;49m[38;5;124;43m"[39;49m[43m:[49m[43m [49m[43mdata[49m[43m}[49m[43m [49m[38;5;28;43;01mif[39;49;00m[43m [49m[43mdata[49m[43m [49m[38;5;129;43;01mis[39;49;00m[43m [49m[38;5;129;43;01mnot[39;49;00m[43m [49m[38;5;28;43;01mNone[39;49;00m[43m [49m[38;5;28;43;01melse[39;49;00m[43m [49m[43m{[49m[43m}[49m[43m)[49m[43m,[49m
[1;32m   3579[0m [43m        [49m[38;5;241;43m*[39;49m[38;5;241;43m*[39;49m[43mkwargs[49m[43m,[49m
[1;32m   3580[0m [43m    [49m[43m)[49m
[1;32m   3581[0m     sci(__ret)
[1;32m   3582[0m     [38;5;28;01mreturn[39;00m __ret

File [0;32m/opt/envs/ctlut/lib/python3.10/site-packages/matplotlib/__init__.py:1473[0m, in [0;36m_preprocess_data.<locals>.inner[0;34m(ax, data, *args, **kwargs)[0m
[1;32m   1470[0m [38;5;129m@functools[39m[38;5;241m.[39mwraps(func)
[1;32m   1471[0m [38;5;28;01mdef[39;00m [38;5;21minner[39m(ax, [38;5;241m*[39margs, data[38;5;241m=[39m[38;5;28;01mNone[39;00m, [38;5;241m*[39m[38;5;241m*[39mkwargs):
[1;32m   1472[0m     [38;5;28;01mif[39;00m data [38;5;129;01mis[39;00m [38;5;28;01mNone[39;00m:
[0;32m-> 1473[0m         [38;5;28;01mreturn[39;00m [43mfunc[49m[43m([49m
[1;32m   1474[0m [43m            [49m[43max[49m[43m,[49m
[1;32m   1475[0m [43m            [49m[38;5;241;43m*[39;49m[38;5;28;43mmap[39;49m[43m([49m[43msanitize_sequence[49m[43m,[49m[43m [49m[43margs[49m[43m)[49m[43m,[49m
[1;32m   1476[0m [43m            [49m[38;5;241;43m*[39;49m[38;5;241;43m*[39;49m[43m{[49m[43mk[49m[43m:[49m[43m [49m[43msanitize_sequence[49m[43m([49m[43mv[49m[43m)[49m[43m [49m[38;5;28;43;01mfor[39;49;00m[43m [49m[43mk[49m[43m,[49m[43m [49m[43mv[49m[43m [49m[38;5;129;43;01min[39;49;00m[43m [49m[43mkwargs[49m[38;5;241;43m.[39;49m[43mitems[49m[43m([49m[43m)[49m[43m}[49m[43m)[49m
[1;32m   1478[0m     bound [38;5;241m=[39m new_sig[38;5;241m.[39mbind(ax, [38;5;241m*[39margs, [38;5;241m*[39m[38;5;241m*[39mkwargs)
[1;32m   1479[0m     auto_label [38;5;241m=[39m (bound[38;5;241m.[39marguments[38;5;241m.[39mget(label_namer)
[1;32m   1480[0m                   [38;5;129;01mor[39;00m bound[38;5;241m.[39mkwargs[38;5;241m.[39mget(label_namer))

File [0;32m/opt/envs/ctlut/lib/python3.10/site-packages/matplotlib/axes/_axes.py:5881[0m, in [0;36mAxes.imshow[0;34m(self, X, cmap, norm, aspect, interpolation, alpha, vmin, vmax, origin, extent, interpolation_stage, filternorm, filterrad, resample, url, **kwargs)[0m
[1;32m   5676[0m [38;5;129m@_preprocess_data[39m()
[1;32m   5677[0m [38;5;129m@_docstring[39m[38;5;241m.[39minterpd
[1;32m   5678[0m [38;5;28;01mdef[39;00m [38;5;21mimshow[39m([38;5;28mself[39m, X, cmap[38;5;241m=[39m[38;5;28;01mNone[39;00m, norm[38;5;241m=[39m[38;5;28;01mNone[39;00m, [38;5;241m*[39m, aspect[38;5;241m=[39m[38;5;28;01mNone[39;00m,
[0;32m   (...)[0m
[1;32m   5681[0m            interpolation_stage[38;5;241m=[39m[38;5;28;01mNone[39;00m, filternorm[38;5;241m=[39m[38;5;28;01mTrue[39;00m, filterrad[38;5;241m=[39m[38;5;241m4.0[39m,
[1;32m   5682[0m            resample[38;5;241m=[39m[38;5;28;01mNone[39;00m, url[38;5;241m=[39m[38;5;28;01mNone[39;00m, [38;5;241m*[39m[38;5;241m*[39mkwargs):
[1;32m   5683[0m [38;5;250m    [39m[38;5;124;03m"""[39;00m
[1;32m   5684[0m [38;5;124;03m    Display data as an image, i.e., on a 2D regular raster.[39;00m
[1;32m   5685[0m 
[0;32m   (...)[0m
[1;32m   5879[0m [38;5;124;03m    (unassociated) alpha representation.[39;00m
[1;32m   5880[0m [38;5;124;03m    """[39;00m
[0;32m-> 5881[0m     im [38;5;241m=[39m [43mmimage[49m[38;5;241;43m.[39;49m[43mAxesImage[49m[43m([49m[38;5;28;43mself[39;49m[43m,[49m[43m [49m[43mcmap[49m[38;5;241;43m=[39;49m[43mcmap[49m[43m,[49m[43m [49m[43mnorm[49m[38;5;241;43m=[39;49m[43mnorm[49m[43m,[49m
[1;32m   5882[0m [43m                          [49m[43minterpolation[49m[38;5;241;43m=[39;49m[43minterpolation[49m[43m,[49m[43m [49m[43morigin[49m[38;5;241;43m=[39;49m[43morigin[49m[43m,[49m
[1;32m   5883[0m [43m                          [49m[43mextent[49m[38;5;241;43m=[39;49m[43mextent[49m[43m,[49m[43m [49m[43mfilternorm[49m[38;5;241;43m=[39;49m[43mfilternorm[49m[43m,[49m
[1;32m   5884[0m [43m                          [49m[43mfilterrad[49m[38;5;241;43m=[39;49m[43mfilterrad[49m[43m,[49m[43m [49m[43mresample[49m[38;5;241;43m=[39;49m[43mresample[49m[43m,[49m
[1;32m   5885[0m [43m                          [49m[43minterpolation_stage[49m[38;5;241;43m=[39;49m[43minterpolation_stage[49m[43m,[49m
[1;32m   5886[0m [43m                          [49m[38;5;241;43m*[39;49m[38;5;241;43m*[39;49m[43mkwargs[49m[43m)[49m
[1;32m   5888[0m     [38;5;28;01mif[39;00m aspect [38;5;129;01mis[39;00m [38;5;28;01mNone[39;00m [38;5;129;01mand[39;00m [38;5;129;01mnot[39;00m (
[1;32m   5889[0m             im[38;5;241m.[39mis_transform_set()
[1;32m   5890[0m             [38;5;129;01mand[39;00m [38;5;129;01mnot[39;00m im[38;5;241m.[39mget_transform()[38;5;241m.[39mcontains_branch([38;5;28mself[39m[38;5;241m.[39mtransData)):
[1;32m   5891[0m         aspect [38;5;241m=[39m mpl[38;5;241m.[39mrcParams[[38;5;124m'[39m[38;5;124mimage.aspect[39m[38;5;124m'[39m]

File [0;32m/opt/envs/ctlut/lib/python3.10/site-packages/matplotlib/image.py:925[0m, in [0;36mAxesImage.__init__[0;34m(self, ax, cmap, norm, interpolation, origin, extent, filternorm, filterrad, resample, interpolation_stage, **kwargs)[0m
[1;32m    909[0m [38;5;28;01mdef[39;00m [38;5;21m__init__[39m([38;5;28mself[39m, ax,
[1;32m    910[0m              [38;5;241m*[39m,
[1;32m    911[0m              cmap[38;5;241m=[39m[38;5;28;01mNone[39;00m,
[0;32m   (...)[0m
[1;32m    920[0m              [38;5;241m*[39m[38;5;241m*[39mkwargs
[1;32m    921[0m              ):
[1;32m    923[0m     [38;5;28mself[39m[38;5;241m.[39m_extent [38;5;241m=[39m extent
[0;32m--> 925[0m     [38;5;28;43msuper[39;49m[43m([49m[43m)[49m[38;5;241;43m.[39;49m[38;5;21;43m__init__[39;49m[43m([49m
[1;32m    926[0m [43m        [49m[43max[49m[43m,[49m
[1;32m    927[0m [43m        [49m[43mcmap[49m[38;5;241;43m=[39;49m[43mcmap[49m[43m,[49m
[1;32m    928[0m [43m        [49m[43mnorm[49m[38;5;241;43m=[39;49m[43mnorm[49m[43m,[49m
[1;32m    929[0m [43m        [49m[43minterpolation[49m[38;5;241;43m=[39;49m[43minterpolation[49m[43m,[49m
[1;32m    930[0m [43m        [49m[43morigin[49m[38;5;241;43m=[39;49m[43morigin[49m[43m,[49m
[1;32m    931[0m [43m        [49m[43mfilternorm[49m[38;5;241;43m=[39;49m[43mfilternorm[49m[43m,[49m
[1;32m    932[0m [43m        [49m[43mfilterrad[49m[38;5;241;43m=[39;49m[43mfilterrad[49m[43m,[49m
[1;32m    933[0m [43m        [49m[43mresample[49m[38;5;241;43m=[39;49m[43mresample[49m[43m,[49m
[1;32m    934[0m [43m        [49m[43minterpolation_stage[49m[38;5;241;43m=[39;49m[43minterpolation_stage[49m[43m,[49m
[1;32m    935[0m [43m        [49m[38;5;241;43m*[39;49m[38;5;241;43m*[39;49m[43mkwargs[49m
[1;32m    936[0m [43m    [49m[43m)[49m

File [0;32m/opt/envs/ctlut/lib/python3.10/site-packages/matplotlib/image.py:261[0m, in [0;36m_ImageBase.__init__[0;34m(self, ax, cmap, norm, interpolation, origin, filternorm, filterrad, resample, interpolation_stage, **kwargs)[0m
[1;32m    248[0m [38;5;28;01mdef[39;00m [38;5;21m__init__[39m([38;5;28mself[39m, ax,
[1;32m    249[0m              cmap[38;5;241m=[39m[38;5;28;01mNone[39;00m,
[1;32m    250[0m              norm[38;5;241m=[39m[38;5;28;01mNone[39;00m,
[0;32m   (...)[0m
[1;32m    258[0m              [38;5;241m*[39m[38;5;241m*[39mkwargs
[1;32m    259[0m              ):
[1;32m    260[0m     martist[38;5;241m.[39mArtist[38;5;241m.[39m[38;5;21m__init__[39m([38;5;28mself[39m)
[0;32m--> 261[0m     [43mcm[49m[38;5;241;43m.[39;49m[43mScalarMappable[49m[38;5;241;43m.[39;49m[38;5;21;43m__init__[39;49m[43m([49m[38;5;28;43mself[39;49m[43m,[49m[43m [49m[43mnorm[49m[43m,[49m[43m [49m[43mcmap[49m[43m)[49m
[1;32m    262[0m     [38;5;28;01mif[39;00m origin [38;5;129;01mis[39;00m [38;5;28;01mNone[39;00m:
[1;32m    263[0m         origin [38;5;241m=[39m mpl[38;5;241m.[39mrcParams[[38;5;124m'[39m[38;5;124mimage.origin[39m[38;5;124m'[39m]

File [0;32m/opt/envs/ctlut/lib/python3.10/site-packages/matplotlib/cm.py:327[0m, in [0;36mScalarMappable.__init__[0;34m(self, norm, cmap)[0m
[1;32m    325[0m [38;5;28mself[39m[38;5;241m.[39mset_norm(norm)  [38;5;66;03m# The Normalize instance of this ScalarMappable.[39;00m
[1;32m    326[0m [38;5;28mself[39m[38;5;241m.[39mcmap [38;5;241m=[39m [38;5;28;01mNone[39;00m  [38;5;66;03m# So that the setter knows we're initializing.[39;00m
[0;32m--> 327[0m [38;5;28;43mself[39;49m[38;5;241;43m.[39;49m[43mset_cmap[49m[43m([49m[43mcmap[49m[43m)[49m  [38;5;66;03m# The Colormap instance of this ScalarMappable.[39;00m
[1;32m    328[0m [38;5;66;03m#: The last colorbar associated with this ScalarMappable. May be None.[39;00m
[1;32m    329[0m [38;5;28mself[39m[38;5;241m.[39mcolorbar [38;5;241m=[39m [38;5;28;01mNone[39;00m

File [0;32m/opt/envs/ctlut/lib/python3.10/site-packages/matplotlib/cm.py:524[0m, in [0;36mScalarMappable.set_cmap[0;34m(self, cmap)[0m
[1;32m    515[0m [38;5;250m[39m[38;5;124;03m"""[39;00m
[1;32m    516[0m [38;5;124;03mSet the colormap for luminance data.[39;00m
[1;32m    517[0m 
[0;32m   (...)[0m
[1;32m    520[0m [38;5;124;03mcmap : `.Colormap` or str or None[39;00m
[1;32m    521[0m [38;5;124;03m"""[39;00m
[1;32m    522[0m in_init [38;5;241m=[39m [38;5;28mself[39m[38;5;241m.[39mcmap [38;5;129;01mis[39;00m [38;5;28;01mNone[39;00m
[0;32m--> 524[0m [38;5;28mself[39m[38;5;241m.[39mcmap [38;5;241m=[39m [43m_ensure_cmap[49m[43m([49m[43mcmap[49m[43m)[49m
[1;32m    525[0m [38;5;28;01mif[39;00m [38;5;129;01mnot[39;00m in_init:
[1;32m    526[0m     [38;5;28mself[39m[38;5;241m.[39mchanged()

File [0;32m/opt/envs/ctlut/lib/python3.10/site-packages/matplotlib/cm.py:663[0m, in [0;36m_ensure_cmap[0;34m(cmap)[0m
[1;32m    660[0m [38;5;66;03m# use check_in_list to ensure type stability of the exception raised by[39;00m
[1;32m    661[0m [38;5;66;03m# the internal usage of this (ValueError vs KeyError)[39;00m
[1;32m    662[0m [38;5;28;01mif[39;00m cmap_name [38;5;129;01mnot[39;00m [38;5;129;01min[39;00m _colormaps:
[0;32m--> 663[0m     [43m_api[49m[38;5;241;43m.[39;49m[43mcheck_in_list[49m[43m([49m[38;5;28;43msorted[39;49m[43m([49m[43m_colormaps[49m[43m)[49m[43m,[49m[43m [49m[43mcmap[49m[38;5;241;43m=[39;49m[43mcmap_name[49m[43m)[49m
[1;32m    664[0m [38;5;28;01mreturn[39;00m mpl[38;5;241m.[39mcolormaps[cmap_name]

File [0;32m/opt/envs/ctlut/lib/python3.10/site-packages/matplotlib/_api/__init__.py:129[0m, in [0;36mcheck_in_list[0;34m(values, _print_supported_values, **kwargs)[0m
[1;32m    127[0m [38;5;28;01mif[39;00m _print_supported_values:
[1;32m    128[0m     msg [38;5;241m+[39m[38;5;241m=[39m [38;5;124mf[39m[38;5;124m"[39m[38;5;124m; supported values are [39m[38;5;132;01m{[39;00m[38;5;124m'[39m[38;5;124m, [39m[38;5;124m'[39m[38;5;241m.[39mjoin([38;5;28mmap[39m([38;5;28mrepr[39m,[38;5;250m [39mvalues))[38;5;132;01m}[39;00m[38;5;124m"[39m
[0;32m--> 129[0m [38;5;28;01mraise[39;00m [38;5;167;01mValueError[39;00m(msg)

[0;31mValueError[0m: 'Grays_r' is not a valid value for cmap; supported values are 'Accent', 'Accent_r', 'Blues', 'Blues_r', 'BrBG', 'BrBG_r', 'BuGn', 'BuGn_r', 'BuPu', 'BuPu_r', 'CMRmap', 'CMRmap_r', 'Dark2', 'Dark2_r', 'GnBu', 'GnBu_r', 'Grays', 'Greens', 'Greens_r', 'Greys', 'Greys_r', 'OrRd', 'OrRd_r', 'Oranges', 'Oranges_r', 'PRGn', 'PRGn_r', 'Paired', 'Paired_r', 'Pastel1', 'Pastel1_r', 'Pastel2', 'Pastel2_r', 'PiYG', 'PiYG_r', 'PuBu', 'PuBuGn', 'PuBuGn_r', 'PuBu_r', 'PuOr', 'PuOr_r', 'PuRd', 'PuRd_r', 'Purples', 'Purples_r', 'RdBu', 'RdBu_r', 'RdGy', 'RdGy_r', 'RdPu', 'RdPu_r', 'RdYlBu', 'RdYlBu_r', 'RdYlGn', 'RdYlGn_r', 'Reds', 'Reds_r', 'Set1', 'Set1_r', 'Set2', 'Set2_r', 'Set3', 'Set3_r', 'Spectral', 'Spectral_r', 'Wistia', 'Wistia_r', 'YlGn', 'YlGnBu', 'YlGnBu_r', 'YlGn_r', 'YlOrBr', 'YlOrBr_r', 'YlOrRd', 'YlOrRd_r', 'afmhot', 'afmhot_r', 'autumn', 'autumn_r', 'binary', 'binary_r', 'bone', 'bone_r', 'brg', 'brg_r', 'bwr', 'bwr_r', 'cividis', 'cividis_r', 'cool', 'cool_r', 'coolwarm', 'coolwarm_r', 'copper', 'copper_r', 'cubehelix', 'cubehelix_r', 'flag', 'flag_r', 'gist_earth', 'gist_earth_r', 'gist_gray', 'gist_gray_r', 'gist_grey', 'gist_heat', 'gist_heat_r', 'gist_ncar', 'gist_ncar_r', 'gist_rainbow', 'gist_rainbow_r', 'gist_stern', 'gist_stern_r', 'gist_yarg', 'gist_yarg_r', 'gist_yerg', 'gnuplot', 'gnuplot2', 'gnuplot2_r', 'gnuplot_r', 'gray', 'gray_r', 'grey', 'hot', 'hot_r', 'hsv', 'hsv_r', 'inferno', 'inferno_r', 'jet', 'jet_r', 'magma', 'magma_r', 'nipy_spectral', 'nipy_spectral_r', 'ocean', 'ocean_r', 'pink', 'pink_r', 'plasma', 'plasma_r', 'prism', 'prism_r', 'rainbow', 'rainbow_r', 'seismic', 'seismic_r', 'spring', 'spring_r', 'summer', 'summer_r', 'tab10', 'tab10_r', 'tab20', 'tab20_r', 'tab20b', 'tab20b_r', 'tab20c', 'tab20c_r', 'terrain', 'terrain_r', 'turbo', 'turbo_r', 'twilight', 'twilight_r', 'twilight_shifted', 'twilight_shifted_r', 'viridis', 'viridis_r', 'winter', 'winter_r'

