Traceback (most recent call last):
  File "/opt/conda/lib/python3.10/site-packages/jupyter_cache/executors/utils.py", line 58, in single_nb_execution
    executenb(
  File "/opt/conda/lib/python3.10/site-packages/nbclient/client.py", line 1305, in execute
    return NotebookClient(nb=nb, resources=resources, km=km, **kwargs).execute()
  File "/opt/conda/lib/python3.10/site-packages/jupyter_core/utils/__init__.py", line 166, in wrapped
    return loop.run_until_complete(inner)
  File "/opt/conda/lib/python3.10/asyncio/base_events.py", line 649, in run_until_complete
    return future.result()
  File "/opt/conda/lib/python3.10/site-packages/nbclient/client.py", line 705, in async_execute
    await self.async_execute_cell(
  File "/opt/conda/lib/python3.10/site-packages/nbclient/client.py", line 1058, in async_execute_cell
    await self._check_raise_for_error(cell, cell_index, exec_reply)
  File "/opt/conda/lib/python3.10/site-packages/nbclient/client.py", line 914, in _check_raise_for_error
    raise CellExecutionError.from_cell_and_msg(cell, exec_reply_content)
nbclient.exceptions.CellExecutionError: An error occurred while executing the following cell:
------------------
nwb_path_ = '/data/ecephys_714527_2024-05-15_13-00-23_nwb_2025-08-03_21-11-22/ecephys_714527_2024-05-15_13-00-23_experiment1_recording1.nwb'

nwbfile = pynwb.read_nwb(nwb_path)
------------------


[0;31m---------------------------------------------------------------------------[0m
[0;31mNameError[0m                                 Traceback (most recent call last)
Cell [0;32mIn[2], line 3[0m
[1;32m      1[0m nwb_path_ [38;5;241m=[39m [38;5;124m'[39m[38;5;124m/data/ecephys_714527_2024-05-15_13-00-23_nwb_2025-08-03_21-11-22/ecephys_714527_2024-05-15_13-00-23_experiment1_recording1.nwb[39m[38;5;124m'[39m
[0;32m----> 3[0m nwbfile [38;5;241m=[39m pynwb[38;5;241m.[39mread_nwb([43mnwb_path[49m)

[0;31mNameError[0m: name 'nwb_path' is not defined

